1- Error output is in stdout;
2- error code on inexistent variable is 0, not 139;
3- fix exit error code when "exit 1432" from 0 to 1432;
4- fix redirection "<" after cmmando (segfault") (< <<);
5- if redirect to a file ina folder that does not exist, segfault (> >>);
6- fix when a directory is passed as a command error code and msg;
5- 
